big-error.ml[12:58 ..12:61]: error
   │ 
12 │ let x : length [1, 2, 3, 4] :~: length [1, 2, 3, 4, 5] = Refl
   │                                                          ^^^^
  Couldn't match actual type S (S (S (S Z)))
    with the type expected by the context, S (S (S (S (S Z))))
  • Note: 
      Where the right-hand side type,
        S (S (S (S (S Z)))),
      is the reduction of
        length [1, 2, 3, 4, 5]
  • Note: 
      Where the left-hand side type,
        S (S (S (S Z))),
      is the reduction of
        length [1, 2, 3, 4]
