constrained05.ml[9:15 ..9:26]: error
  │ 
9 │ type foo 'a = Foo of f2 'a
  │               ^^^^^^^^^^^^
  Could not deduce c2 'a from the context f2 'a
