err01.ml[8:11 ..8:12]: error
  │ 
8 │   enqueue go (start, stop)
  │           ^^
  Couldn't match actual type option (int * int)
    with the type expected by the context, option ((int * int) * 'b)
