pure : Infer{'a : type}. 'a -> list 'a
<*> : Infer{'a : type}. Infer{'b : type}. list ('b -> 'a) -> list 'b -> list 'a
cartesian : Infer{'b : type}. Infer{'a : type}. list 'a -> list 'b -> list ('a * 'b)
:: : Infer{'a : type}. 'a -> list 'a -> list 'a
traverse : Infer{'b : type}. Infer{'a : type}. ('a -> list 'b) -> list 'a -> list (list 'b)
