escapes : {'n : type}. ({'a : type}. 'a -> 'n) -> 'n
escape_pass : int
