letrec-01.ml[1:9 ..1:14]: error (E2013)
  Recursive pattern bindings are not allowed
  • Note: this definition refers to itself directly

  │ 
1 │ let rec (a, b) = (a, b)
  │         ^^^^^^
letrec-01.ml[1:9 ..1:14]: Use amc explain 2013 for more information
