fail_unterminated_comment.ml[7:1 ..7:1]: error (E0005)
  Unexpected end of input, expecting to close comment
  │ 
6 │ (* Though I must confess nobody has asked me
  │ ^
7 │ 
  │ ^
fail_unterminated_comment.ml[7:1 ..7:1]: Use amc explain 0005 for more information
