fail_modules.ml[4:9 ..4:9]: error (E1001)
  Variable not in scope: `x`

  Arising from use of the expression
  │ 
4 │ let y = x
  │         ^
fail_modules.ml[4:9 ..4:9]: Use amc explain 1001 for more information
