pass_guard.ml[4:12 ..4:12]: error (E1001)
  Variable not in scope: `>`

  Arising from use of the expression
  │ 
4 │ | x when x > 2 -> ()
  │            ^
pass_guard.ml[4:12 ..4:12]: Use amc explain 1001 for more information
