let () = begin
    M.a;
    M.(((a + b)));
    f M.({ a = a, b = b })
  end
