foo : type
Foo : { bar : Spec{'a : type}. 'a -> 'a } -> foo
foo : foo
main : foo -> int
