apply : {'row : type}. {'a : type}. {'b : type}. { 'row | apply : {'a : type}. {'b : type}. ('a -> 'b) -> 'a -> 'b } -> ('a -> 'b) -> 'a -> 'b
main : int
