dict : constraint -> type
Dict : Spec{'c : constraint}. 'c => dict 'c
:- : constraint -> constraint -> type
Sub : Spec{'p : constraint}. Spec{'q : constraint}. ('p => dict 'q) -> :- 'p 'q
ord : Infer{'cj : type}. 'cj -> constraint
eq : Infer{'cj : type}. 'cj -> constraint
foo : Spec{'cj : type}. Spec{'a : 'cj}. :- (eq 'a) (ord 'a)
