gadt04-pass.ml[2:5 ..2:27]: error
  │ 
2 │   | MkT : int -> (int -> t)
  │     ^^^^^^^^^^^^^^^^^^^^^^^
  The type `int -> int -> t` is malformed.
  • Note: Generalised constructors can not be curried
  • Suggestion: Perhaps use a tuple: `(int * int) -> t`
