gadt07-escape-fail.ml[10:3 ..10:17]: error
  Could not the rigid type variable 'a with the type int

  Where the type variable a is an existential,
  bound by the constructor MkHid, which has type
     forall 'a. exp 'a * exp 'a -> hidden
   │ 
10 │   match hval with
   │ 
