print : string -> unit
io_write : string -> unit
- : int -> int -> int
== : int -> int -> bool
natural : type
Z : natural
S : natural -> natural
nat : natural -> type
Zero : Infer{'dv : type}. Spec{'n : 'dv}. ('n ~ Z) âŠƒ nat 'n
Succ : Infer{'ew : type}. Spec{'n : 'ew}. Spec{'k : natural}. ('n ~ S 'k) âŠƒ nat 'k -> nat 'n
some_nat : type
SomeNat : Spec{'n : natural}. nat 'n -> some_nat
with_natural : Infer{'a : type}. int -> (Spec{'n : natural}. nat 'n -> 'a) -> 'a
main : unit
