vta-fail02.ml[2:9 ..2:15]: error
  │ 
2 │ let _ = id @int
  │         ^^^^^^^
  Can not apply expression of type int -> int
    to visible type argument int
