a : type -> constraint
use : Spec{'a : type}. a 'a => 'a -> unit
b : type -> constraint
reuse : Spec{'a : type}. b 'a => 'a -> unit
foo : Infer{'a : type}. a 'a => b 'a => 'a -> unit
