foo : type -> constraint
x : Spec{'a : type}. foo 'a => 'a -> int
y : Spec{'a : type}. foo 'a => 'a -> int
