missing01.ml[5:1 ..5:22]: error
  │ 
5 │ instance foo begin end
  │ ^^^^^^^^^^^^^^^^^^^^^^
  Missing implementation for method x
    in an instance for foo
