overlap01.ml[4:1 ..4:38]: error (E2021)
  Overlapping instances for foo unit
  • Note: first defined here,
  │ 
4 │ instance foo 'a begin let x _ = () end
  │ ^^^^^^^^^^^^^^^^^^^^^^^^^^^^^^^^^^^^^^
   but also defined here
  │ 
5 │ instance foo () begin let x _ = () end
  │ ^^^^^^^^^^^^^^^^^^^^^^^^^^^^^^^^^^^^^^
overlap01.ml[4:1 ..4:38]: Use amc explain 2021 for more information
