quantified-cycle.ml[12:10 ..12:16]: error
  No instance for c (t1 'a) arising in this expression
   │ 
12 │ let () = meth T1
   │          ^^^^^^^
  • Note: This constraint can not be quantified over because it is of higher rank
