foo : type -> constraint
foo : {'a : type}. foo 'a => 'a -> unit
bar : type -> constraint
bar : {'a : type}. bar 'a => 'a -> unit
baz : type -> constraint
baz : {'a : type}. baz 'a => 'a -> unit
quux : type -> constraint
quux : {'a : type}. quux 'a => 'a -> unit
