toomany01.ml[9:7 ..9:9]: error (E2020)
  │ 
9 │   let bar = ()
  │       ^^^
  Method bar is not a member of the class foo
toomany01.ml[9:7 ..9:9]: Use amc explain 2020 for more information
